Admin Overview               -> x_infte_ops_int_admin_overview (inserted)
Artifact History             -> x_infte_ops_int_artifact_history (inserted)
Operations Assistant Panel   -> x_infte_ops_int_assistant_panel (inserted)
Audit Log Viewer             -> x_infte_ops_int_audit_log (inserted)
Content Area                 -> x_infte_ops_int_content_area (inserted)
Creator Studio Panel         -> x_infte_ops_int_creator_studio (inserted)
Deliverable Cards            -> x_infte_ops_int_deliverable_cards (inserted)
Deliverable Type Tiles       -> x_infte_ops_int_deliverable_tiles (inserted)
Execution History            -> x_infte_ops_int_execution_history (inserted)
Flow Oversight               -> x_infte_ops_int_flow_oversight (inserted)
Group Manager                -> x_infte_ops_int_group_manager (inserted)
Group Metrics                -> x_infte_ops_int_group_metrics (inserted)
Maintenance Control Panel    -> x_infte_ops_int_maintenance_control_panel (inserted)
Maintenance Overlay          -> x_infte_ops_int_maintenance_overlay (inserted)
Artifact Modal Viewer        -> x_infte_ops_int_modal_viewer (inserted)
Navigation Bar               -> x_infte_ops_int_nav_bar (inserted)
Onboarding Progress          -> x_infte_ops_int_onboarding_progress (inserted)
Pending Approvals            -> x_infte_ops_int_pending_approvals (inserted)
System Configuration Panel   -> x_infte_ops_int_system_config (inserted)
Workspace Automation Panel   -> x_infte_ops_int_workspace_automation (inserted)
=== widgets deployed: 20 ok, 0 failed (of 20) ===
